[16:00:11] 🚀 INFO     main            🚀 Grok-Pilot initializing...
[16:00:11] 🚀 INFO     main            🤖 Connecting to xAI Grok...
[16:00:11] 🚀 INFO     grok            Grok client initialized (model: grok-4-1-fast-non-reasoning)
[16:00:11] ✅ SUCCESS  main            ✅ Grok client ready (model: grok-4-1-fast-non-reasoning)
[16:00:11] 🚀 INFO     main            🛸 Initializing drone (mock)...
[16:00:11] 🚀 INFO     drone           Using MockDrone (simulation mode)
[16:00:11] 🚀 INFO     drone           Connecting to drone...
[16:00:11] 🚀 INFO     mock_drone      📡 [MOCK] Connecting to drone...
[16:00:12] ✅ SUCCESS  mock_drone      ✅ [MOCK] Connected!
[16:00:12] ✅ SUCCESS  drone           Connected! Battery: 100%
[16:00:12] ✅ SUCCESS  main            ✅ Drone connected! Battery: 100%
[16:00:12] 🚀 INFO     main            🔧 Registering tools...
[16:00:12] ✅ SUCCESS  main            ✅ Registered 17 tools
[16:00:12] 🚀 INFO     main            🌐 Creating Flask server...
[16:00:12] 🚀 INFO     server          Flask app created successfully
[16:00:12] ✅ SUCCESS  main            ✅ Flask app ready
[16:00:12] 🚀 INFO     main            ⌨️  Starting keyboard listener...
[16:00:12] 🚀 INFO     keyboard        ⌨️  Keyboard listener started!
[16:00:12] 🚀 INFO     keyboard        ━━━━━━━━━━━━━━━━━━━━━━━━━━━━━━━━━━━━━━━━━━━━━━━━━━━━━━━━━━━━
[16:00:12] 🚀 INFO     keyboard        🎮 EMERGENCY HOTKEYS:
[16:00:12] 🚀 INFO     keyboard           [L] - 🚨 Emergency Land
[16:00:12] 🚀 INFO     keyboard           [H] - 🏠 Return Home
[16:00:12] 🚀 INFO     keyboard           [S] - 🛑 Emergency Stop (Hover)
[16:00:12] 🚀 INFO     keyboard           [Q] - ❌ Quit Server
[16:00:12] 🚀 INFO     keyboard        ━━━━━━━━━━━━━━━━━━━━━━━━━━━━━━━━━━━━━━━━━━━━━━━━━━━━━━━━━━━━
[16:00:12] ✅ SUCCESS  main            ✅ Keyboard listener active

======================================================================
  🚁 GROK-PILOT: Voice-Controlled Drone System
======================================================================
  Mode:         MOCK (Testing)
  Server:       http://0.0.0.0:5000
  Video:        Disabled
  Log Level:    INFO
======================================================================

  🎯 Endpoints:
     POST /command        - Execute text command
     GET  /status         - Get system status
     POST /status/abort   - Emergency stop
     POST /voice/webhook  - Twilio webhook
     GET  /video/stream   - MJPEG video stream
======================================================================

  💡 Quick Start:
     curl -X POST http://localhost:5000/command \
       -H 'Content-Type: application/json' \
       -d '{{"text": "take off and look around"}}'

  🎮 Emergency Hotkeys:
     [L] - 🚨 Emergency Land NOW
     [H] - 🏠 Return Home & Land
     [S] - 🛑 Emergency Stop (Hover)
     [Q] - ❌ Quit Server

  Press Ctrl+C to stop

[16:00:12] 🚀 INFO     main            Starting server on 0.0.0.0:5000
 * Serving Flask app 'server.app'
 * Debug mode: off
Address already in use
Port 5000 is in use by another program. Either identify and stop that program, or start the server with a different port.
On macOS, try disabling the 'AirPlay Receiver' service from System Preferences -> General -> AirDrop & Handoff.
[16:00:12] 🚀 INFO     keyboard        Keyboard listener stopped
[16:00:12] 🚀 INFO     main            Disconnecting drone...
[16:00:12] 🚀 INFO     drone           Disconnecting from drone...
[16:00:12] 🚀 INFO     mock_drone      👋 [MOCK] Disconnecting...
[16:00:12] 🚀 INFO     drone           Disconnected
[16:00:12] 🚀 INFO     main            ✅ Grok-Pilot stopped. Goodbye!
